#-----------------------------------------------------------
# Vivado v2018.1 (64-bit)
# SW Build 2188600 on Wed Apr  4 18:40:38 MDT 2018
# IP Build 2185939 on Wed Apr  4 20:55:05 MDT 2018
# Start of session at: Fri Jun 29 13:04:09 2018
# Process ID: 16420
# Current directory: C:/Users/eashanw/Desktop/Github Workshop Updated material/XIlinx-Workshops/Embedded System Design Flow on Zynq/labsolutions/embedded/2018_2_pynq_labsolution/lab_1
# Command line: vivado.exe -gui_launcher_event rodinguilauncherevent13244 C:\Users\eashanw\Desktop\Github Workshop Updated material\XIlinx-Workshops\Embedded System Design Flow on Zynq\labsolutions\embedded\2018_2_pynq_labsolution\lab_1\lab_1.xpr
# Log file: C:/Users/eashanw/Desktop/Github Workshop Updated material/XIlinx-Workshops/Embedded System Design Flow on Zynq/labsolutions/embedded/2018_2_pynq_labsolution/lab_1/vivado.log
# Journal file: C:/Users/eashanw/Desktop/Github Workshop Updated material/XIlinx-Workshops/Embedded System Design Flow on Zynq/labsolutions/embedded/2018_2_pynq_labsolution/lab_1\vivado.jou
#-----------------------------------------------------------
start_gui
open_project {C:/Users/eashanw/Desktop/Github Workshop Updated material/XIlinx-Workshops/Embedded System Design Flow on Zynq/labsolutions/embedded/2018_2_pynq_labsolution/lab_1/lab_1.xpr}
update_compile_order -fileset sources_1
launch_sdk -workspace {C:/Users/eashanw/Desktop/Github Workshop Updated material/XIlinx-Workshops/Embedded System Design Flow on Zynq/labsolutions/embedded/2018_2_pynq_labsolution/lab_1/lab_1.sdk} -hwspec {C:/Users/eashanw/Desktop/Github Workshop Updated material/XIlinx-Workshops/Embedded System Design Flow on Zynq/labsolutions/embedded/2018_2_pynq_labsolution/lab_1/lab_1.sdk/system_wrapper.hdf}
