#-----------------------------------------------------------
# Vivado v2018.1 (64-bit)
# SW Build 2188600 on Wed Apr  4 18:40:38 MDT 2018
# IP Build 2185939 on Wed Apr  4 20:55:05 MDT 2018
# Start of session at: Mon Jul  2 09:24:16 2018
# Process ID: 6520
# Current directory: C:/Users/eashanw/Desktop/XIlinx-Workshops/Embedded Systems/labsolutions/embedded/2018_2_pynq_labsolution/lab_4
# Command line: vivado.exe -gui_launcher_event rodinguilauncherevent6828 C:\Users\eashanw\Desktop\XIlinx-Workshops\Embedded Systems\labsolutions\embedded\2018_2_pynq_labsolution\lab_4\lab_4.xpr
# Log file: C:/Users/eashanw/Desktop/XIlinx-Workshops/Embedded Systems/labsolutions/embedded/2018_2_pynq_labsolution/lab_4/vivado.log
# Journal file: C:/Users/eashanw/Desktop/XIlinx-Workshops/Embedded Systems/labsolutions/embedded/2018_2_pynq_labsolution/lab_4\vivado.jou
#-----------------------------------------------------------
start_gui
open_project {C:/Users/eashanw/Desktop/XIlinx-Workshops/Embedded Systems/labsolutions/embedded/2018_2_pynq_labsolution/lab_4/lab_4.xpr}
update_compile_order -fileset sources_1
