#-----------------------------------------------------------
# Vivado v2018.1 (64-bit)
# SW Build 2188600 on Wed Apr  4 18:40:38 MDT 2018
# IP Build 2185939 on Wed Apr  4 20:55:05 MDT 2018
# Start of session at: Wed Jun 27 11:21:10 2018
# Process ID: 8948
# Current directory: C:/Users/eashanw/Desktop/Github Workshop Updated material/XIlinx-Workshops/Embedded System Design Flow on Zynq/labsolutions/embedded/2018_2_zedboard_labsolution/lab1
# Command line: vivado.exe -gui_launcher_event rodinguilauncherevent12512 C:\Users\eashanw\Desktop\Github Workshop Updated material\XIlinx-Workshops\Embedded System Design Flow on Zynq\labsolutions\embedded\2018_2_zedboard_labsolution\lab1\lab1.xpr
# Log file: C:/Users/eashanw/Desktop/Github Workshop Updated material/XIlinx-Workshops/Embedded System Design Flow on Zynq/labsolutions/embedded/2018_2_zedboard_labsolution/lab1/vivado.log
# Journal file: C:/Users/eashanw/Desktop/Github Workshop Updated material/XIlinx-Workshops/Embedded System Design Flow on Zynq/labsolutions/embedded/2018_2_zedboard_labsolution/lab1\vivado.jou
#-----------------------------------------------------------
start_gui
open_project {C:/Users/eashanw/Desktop/Github Workshop Updated material/XIlinx-Workshops/Embedded System Design Flow on Zynq/labsolutions/embedded/2018_2_zedboard_labsolution/lab1/lab1.xpr}
update_compile_order -fileset sources_1
