Copyright 1986-2015 Xilinx, Inc. All Rights Reserved.
-------------------------------------------------------------------------------------------------------------------------
| Tool Version : Vivado v.2015.2 (win64) Build 1266856 Fri Jun 26 16:35:25 MDT 2015
| Date         : Thu Jul 30 10:18:59 2015
| Host         : XSJPARIMALP30 running 64-bit Service Pack 1  (build 7601)
| Command      : report_utilization -file system_wrapper_utilization_placed.rpt -pb system_wrapper_utilization_placed.pb
| Design       : system_wrapper
| Device       : xc7z020
| Design State : Fully Placed
-------------------------------------------------------------------------------------------------------------------------

Utilization Design Information

Table of Contents
-----------------
1. Slice Logic
1.1 Summary of Registers by Type
2. Slice Logic Distribution
3. Memory
4. DSP
5. IO and GT Specific
6. Clocking
7. Specific Feature
8. Primitives
9. Black Boxes
10. Instantiated Netlists

1. Slice Logic
--------------

+----------------------------+------+-------+-----------+-------+
|          Site Type         | Used | Fixed | Available | Util% |
+----------------------------+------+-------+-----------+-------+
| Slice LUTs                 | 1936 |     0 |     53200 |  3.64 |
|   LUT as Logic             | 1812 |     0 |     53200 |  3.41 |
|   LUT as Memory            |  124 |     0 |     17400 |  0.71 |
|     LUT as Distributed RAM |    0 |     0 |           |       |
|     LUT as Shift Register  |  124 |     0 |           |       |
| Slice Registers            | 1789 |     0 |    106400 |  1.68 |
|   Register as Flip Flop    | 1789 |     0 |    106400 |  1.68 |
|   Register as Latch        |    0 |     0 |    106400 |  0.00 |
| F7 Muxes                   |    0 |     0 |     26600 |  0.00 |
| F8 Muxes                   |    0 |     0 |     13300 |  0.00 |
+----------------------------+------+-------+-----------+-------+


1.1 Summary of Registers by Type
--------------------------------

+-------+--------------+-------------+--------------+
| Total | Clock Enable | Synchronous | Asynchronous |
+-------+--------------+-------------+--------------+
| 0     |            _ |           - |            - |
| 0     |            _ |           - |          Set |
| 0     |            _ |           - |        Reset |
| 0     |            _ |         Set |            - |
| 0     |            _ |       Reset |            - |
| 0     |          Yes |           - |            - |
| 0     |          Yes |           - |          Set |
| 0     |          Yes |           - |        Reset |
| 152   |          Yes |         Set |            - |
| 1637  |          Yes |       Reset |            - |
+-------+--------------+-------------+--------------+


2. Slice Logic Distribution
---------------------------

+-------------------------------------------------------------+-----------+-------+-----------+-------+
|                          Site Type                          |    Used   | Fixed | Available | Util% |
+-------------------------------------------------------------+-----------+-------+-----------+-------+
| Slice                                                       |       675 |     0 |     13300 |  5.08 |
|   SLICEL                                                    |       441 |     0 |           |       |
|   SLICEM                                                    |       234 |     0 |           |       |
| LUT as Logic                                                |      1812 |     0 |     53200 |  3.41 |
|   using O5 output only                                      |         0 |       |           |       |
|   using O6 output only                                      |      1285 |       |           |       |
|   using O5 and O6                                           |       527 |       |           |       |
| LUT as Memory                                               |       124 |     0 |     17400 |  0.71 |
|   LUT as Distributed RAM                                    |         0 |     0 |           |       |
|   LUT as Shift Register                                     |       124 |     0 |           |       |
|     using O5 output only                                    |         0 |       |           |       |
|     using O6 output only                                    |       112 |       |           |       |
|     using O5 and O6                                         |        12 |       |           |       |
| LUT Flip Flop Pairs                                         |      2196 |     0 |     53200 |  4.13 |
|   fully used LUT-FF pairs                                   |      1163 |       |           |       |
|   LUT-FF pairs with unused LUT                              |       260 |       |           |       |
|   LUT-FF pairs with unused Flip Flop                        |       773 |       |           |       |
| Unique Control Sets                                         |        99 |       |           |       |
| Minimum number of registers lost to control set restriction | 243(Lost) |       |           |       |
+-------------------------------------------------------------+-----------+-------+-----------+-------+


3. Memory
---------

+-------------------+------+-------+-----------+-------+
|     Site Type     | Used | Fixed | Available | Util% |
+-------------------+------+-------+-----------+-------+
| Block RAM Tile    |    2 |     0 |       140 |  1.43 |
|   RAMB36/FIFO*    |    2 |     0 |       140 |  1.43 |
|     RAMB36E1 only |    2 |       |           |       |
|   RAMB18          |    0 |     0 |       280 |  0.00 |
+-------------------+------+-------+-----------+-------+
* Note: Each Block RAM Tile only has one FIFO logic available and therefore can accommodate only one FIFO36E1 or one FIFO18E1. However, if a FIFO18E1 occupies a Block RAM Tile, that tile can still accommodate a RAMB18E1


4. DSP
------

+-----------+------+-------+-----------+-------+
| Site Type | Used | Fixed | Available | Util% |
+-----------+------+-------+-----------+-------+
| DSPs      |    0 |     0 |       220 |  0.00 |
+-----------+------+-------+-----------+-------+


5. IO and GT Specific
---------------------

+-----------------------------+------+-------+-----------+--------+
|          Site Type          | Used | Fixed | Available |  Util% |
+-----------------------------+------+-------+-----------+--------+
| Bonded IOB                  |   21 |    21 |       200 |  10.50 |
|   IOB Master Pads           |   10 |       |           |        |
|   IOB Slave Pads            |    7 |       |           |        |
| Bonded IPADs                |    0 |     0 |         2 |   0.00 |
| Bonded IOPADs               |  130 |   130 |       130 | 100.00 |
| PHY_CONTROL                 |    0 |     0 |         4 |   0.00 |
| PHASER_REF                  |    0 |     0 |         4 |   0.00 |
| OUT_FIFO                    |    0 |     0 |        16 |   0.00 |
| IN_FIFO                     |    0 |     0 |        16 |   0.00 |
| IDELAYCTRL                  |    0 |     0 |         4 |   0.00 |
| IBUFGDS                     |    0 |     0 |       192 |   0.00 |
| PHASER_OUT/PHASER_OUT_PHY   |    0 |     0 |        16 |   0.00 |
| PHASER_IN/PHASER_IN_PHY     |    0 |     0 |        16 |   0.00 |
| IDELAYE2/IDELAYE2_FINEDELAY |    0 |     0 |       200 |   0.00 |
| ILOGIC                      |    0 |     0 |       200 |   0.00 |
| OLOGIC                      |    0 |     0 |       200 |   0.00 |
+-----------------------------+------+-------+-----------+--------+


6. Clocking
-----------

+------------+------+-------+-----------+-------+
|  Site Type | Used | Fixed | Available | Util% |
+------------+------+-------+-----------+-------+
| BUFGCTRL   |    1 |     0 |        32 |  3.13 |
| BUFIO      |    0 |     0 |        16 |  0.00 |
| MMCME2_ADV |    0 |     0 |         4 |  0.00 |
| PLLE2_ADV  |    0 |     0 |         4 |  0.00 |
| BUFMRCE    |    0 |     0 |         8 |  0.00 |
| BUFHCE     |    0 |     0 |        72 |  0.00 |
| BUFR       |    0 |     0 |        16 |  0.00 |
+------------+------+-------+-----------+-------+


7. Specific Feature
-------------------

+-------------+------+-------+-----------+-------+
|  Site Type  | Used | Fixed | Available | Util% |
+-------------+------+-------+-----------+-------+
| BSCANE2     |    0 |     0 |         4 |  0.00 |
| CAPTUREE2   |    0 |     0 |         1 |  0.00 |
| DNA_PORT    |    0 |     0 |         1 |  0.00 |
| EFUSE_USR   |    0 |     0 |         1 |  0.00 |
| FRAME_ECCE2 |    0 |     0 |         1 |  0.00 |
| ICAPE2      |    0 |     0 |         2 |  0.00 |
| STARTUPE2   |    0 |     0 |         1 |  0.00 |
| XADC        |    0 |     0 |         1 |  0.00 |
+-------------+------+-------+-----------+-------+


8. Primitives
-------------

+----------+------+----------------------+
| Ref Name | Used |  Functional Category |
+----------+------+----------------------+
| FDRE     | 1637 |         Flop & Latch |
| LUT6     |  724 |                  LUT |
| LUT3     |  565 |                  LUT |
| LUT2     |  384 |                  LUT |
| LUT5     |  341 |                  LUT |
| LUT4     |  306 |                  LUT |
| FDSE     |  152 |         Flop & Latch |
| BIBUF    |  130 |                   IO |
| SRLC32E  |  105 |   Distributed Memory |
| CARRY4   |   42 |           CarryLogic |
| SRL16E   |   31 |   Distributed Memory |
| LUT1     |   19 |                  LUT |
| IBUF     |   13 |                   IO |
| OBUF     |    8 |                   IO |
| RAMB36E1 |    2 |         Block Memory |
| PS7      |    1 | Specialized Resource |
| BUFG     |    1 |                Clock |
+----------+------+----------------------+


9. Black Boxes
--------------

+----------+------+
| Ref Name | Used |
+----------+------+


10. Instantiated Netlists
-------------------------

+----------+------+
| Ref Name | Used |
+----------+------+


