13:58:36 **** Auto Build of configuration Debug for project lab4 ****
make all 
Building file: ../src/lab4.c
Invoking: ARM gcc compiler
arm-xilinx-eabi-gcc -Wall -O0 -g3 -c -fmessage-length=0 -MT"src/lab4.o" -I../../lab4_bsp/ps7_cortexa9_0/include -MMD -MP -MF"src/lab4.d" -MT"src/lab4.d" -o "src/lab4.o" "../src/lab4.c"
Finished building: ../src/lab4.c
 
Building target: lab4.elf
Invoking: ARM gcc linker
arm-xilinx-eabi-gcc -Wl,-T -Wl,../src/lscript.ld -L../../lab4_bsp/ps7_cortexa9_0/lib -o "lab4.elf"  ./src/lab4.o   -Wl,--start-group,-lxil,-lgcc,-lc,--end-group
Finished building target: lab4.elf
 
Invoking: ARM Print Size
arm-xilinx-eabi-size lab4.elf  |tee "lab4.elf.size"
   text	   data	    bss	    dec	    hex	filename
  23796	   1184	   8236	  33216	   81c0	lab4.elf
Finished building: lab4.elf.size
 

13:58:36 Build Finished (took 640ms)

